{"type": "minecraft:crafting_shaped","pattern": [" i","u "],"key":{"i":{"item": "minecraft:gold_ingot"},"u":{"item": "minecraft:stick"}},"result":{"id": "minecraft:warped_fungus_on_a_stick","count": 1,"components":{"item_name":"[{\"text\":\"Golden Wand\",\"italic\":false}]","lore": ["{\"text\":\"A rare wand that can be used to cast spells.\"}","{\"text\":\"Nightrunner\",\"color\":\"aqua\"}"],"custom_model_data": 1124,"custom_data":{"golden_wand": true,"wand": true}}}}