{"type": "minecraft:crafting_shaped","pattern": ["  y"," i ","i  "],"key":{"i":{"item": "minecraft:stick"},"y":{"item": "minecraft:gold_ingot"}},"result":{"id": "minecraft:warped_fungus_on_a_stick","count": 1,"components":{"item_name":"[{\"text\":\"Golden Staff\",\"italic\":false,\"color\":\"white\"}]","lore": ["{\"text\":\"Summon heal sentry\"}","{\"text\":\"Nightrunner\",\"color\":\"aqua\"}"],"custom_model_data": 1129,"custom_data":{"golden_staff": true,"wand": true}}}}